<html>
<body>
<pre>
<h1>µVision Build Log</h1>
<h2>Tool Versions:</h2>
IDE-Version: µVision V5.26.2.0
Copyright (C) 2018 ARM Ltd and ARM Germany GmbH. All rights reserved.
License Information: D DDeGonge888@gmail.com, D, LIC=----
 
Tool Versions:
Toolchain:       MDK-Lite  Version: 5.26.2.0
Toolchain Path:  C:\Keil_v5\ARM\ARMCC\Bin
C Compiler:      Armcc.exe V5.06 update 6 (build 750)
Assembler:       Armasm.exe V5.06 update 6 (build 750)
Linker/Locator:  ArmLink.exe V5.06 update 6 (build 750)
Library Manager: ArmAr.exe V5.06 update 6 (build 750)
Hex Converter:   FromElf.exe V5.06 update 6 (build 750)
CPU DLL:         SARMCM3.DLL V5.26.2.0
Dialog DLL:      DCM.DLL V1.17.2.0
Target DLL:      STLink\ST-LINKIII-KEIL_SWO.dll V3.0.5.0
Dialog DLL:      TCM.DLL V1.36.1.0
 
<h2>Project:</h2>
C:\Users\DDeGo\OneDrive\Projects\Brushless Motor Controller\BLDC mk4\MDK-ARM\BLDC mk4.uvprojx
Project File Date:  02/27/2019

<h2>Output:</h2>
*** Using Compiler 'V5.06 update 6 (build 750)', folder: 'C:\Keil_v5\ARM\ARMCC\Bin'
Build target 'BLDC mk4'
compiling main.c...
../Src/main.c(72): warning:  #1295-D: Deprecated declaration micros - give arg types
  uint32_t micros();
../Src/main.c(174): warning:  #177-D: variable "tweaker"  was declared but never referenced
  	float tweaker = 0.0001;
../Src/main.c(175): warning:  #177-D: variable "min"  was declared but never referenced
  	int16_t min, max;
../Src/main.c(175): warning:  #177-D: variable "max"  was declared but never referenced
  	int16_t min, max;
../Src/main.c(543): warning:  #1035-D: single-precision operand implicitly converted to double-precision
  	servo->curSet = (uint8_t)((cur/3.0) * 255);
../Src/main.c: 5 warnings, 0 errors
linking...
Program Size: Code=9672 RO-data=512 RW-data=16 ZI-data=720  
FromELF: creating hex file...
"BLDC mk4\BLDC mk4.axf" - 0 Error(s), 5 Warning(s).

<h2>Software Packages used:</h2>

Package Vendor: ARM
                http://www.keil.com/pack/ARM.CMSIS.5.4.0.pack
                ARM.CMSIS.5.4.0
                CMSIS (Cortex Microcontroller Software Interface Standard)
   * Component: CORE Version: 5.1.2

Package Vendor: Keil
                http://www.keil.com/pack/Keil.STM32F4xx_DFP.2.13.0.pack
                Keil.STM32F4xx_DFP.2.13.0
                STMicroelectronics STM32F4 Series Device Support, Drivers and Examples

<h2>Collection of Component include folders:</h2>
  .\RTE\_BLDC_mk4
  C:\Keil_v5\ARM\PACK\ARM\CMSIS\5.4.0\CMSIS\Core\Include
  C:\Keil_v5\ARM\PACK\Keil\STM32F4xx_DFP\2.13.0\Drivers\CMSIS\Device\ST\STM32F4xx\Include

<h2>Collection of Component Files used:</h2>

   * Component: ARM::CMSIS:CORE:5.1.2
Build Time Elapsed:  00:00:02
</pre>
</body>
</html>
